.. |SparkC3-Pinmap.png| image:: /_static/controller/spark-c3/img/SparkC3-Main.png
    :width: 400px

.. _ESP32-C3数据手册.pdf: /_static/controller/spark-c3/docs/ESP32-C3_Datasheet.pdf
.. |ESP32-C3数据手册.pdf| replace:: ESP32-C3数据手册.pdf

.. _Arduino开发指南.pdf: /_static/controller/spark-c3/docs/Arduino_Development_Guide.pdf
.. |Arduino开发指南.pdf| replace:: Arduino开发指南.pdf

.. _SparkC3原理图.pdf: /_static/controller/spark-c3/hardware/SparkC3-ESPC3-01-CCStudio-SCH.pdf
.. |SparkC3原理图.pdf| replace:: SparkC3原理图.pdf

.. _SparkC3尺寸图.pdf: /_static/controller/spark-c3/dxf/SparkC3-ESPC3-01-DXF.pdf
.. |SparkC3尺寸图.pdf| replace:: SparkC3尺寸图.pdf

.. _SparkC3规格书.pdf: /_static/controller/spark-c3/datasheet/SparkC3-ESPC3-01模组规格书V1.0_20250715.pdf
.. |SparkC3规格书.pdf| replace:: SparkC3规格书.pdf

.. _USB Power原理图.pdf: /_static/controller/spark-c3/hardware/USBPower-SCH-V01.pdf
.. |USB Power原理图.pdf| replace:: USB Power原理图.pdf

.. _示例代码.zip: /_static/controller/spark-c3/software/Spark-C3_Examples.zip
.. |示例代码.zip| replace:: 示例代码.zip

.. _开发环境配置.zip: /_static/controller/spark-c3/software/Development_Environment.zip
.. |开发环境配置.zip| replace:: 开发环境配置.zip

.. |SparkC3-Main.png| image:: /_static/controller/spark-c3/img/SparkC3-Main.png
    :target: https://item.taobao.com/item.htm?ft=t&id=957038986444

.. |arduino-config.png| image:: /_static/controller/spark-c3/img/arduino-config.png

.. |SparkC3 控制器主板| image:: /_static/controller/spark-c3/img/spark-c3-top.png
    :width: 400px

.. |USB Power 模块| image:: /_static/controller/spark-c3/img/spark-c3-kit.png
    :width: 400px

.. _SparkC3_PlatformIO.zip: /_static/controller/spark-c3/software/SparkC3_PlatformIO.zip
.. |SparkC3_PlatformIO.zip| replace:: SparkC3_PlatformIO.zip

.. _购买链接: https://item.taobao.com/item.htm?ft=t&id=957038986444
.. |购买链接| replace:: 🛒 购买链接
