.. |FPC-SHT30| image:: /_static/fpc-series/fpc-sht30/img/FPC-SHT30.png
    :width: 400px
    :target: fpc-sht30/index.html

.. _FPC-SHT30: fpc-sht30/index.html

.. |FPC-ENV2.png| image:: /_static/fpc-series/fpc-sht40/img/FPC-ENV2.png
    :width: 400px
    :target: fpc-sht40/index.html

.. _FPC-SHT40: fpc-sht40/index.html

.. |FPC-OPT3001.png| image:: /_static/fpc-series/fpc-opt3001/img/FPC-OPT3001.png
    :width: 400px
    :target: fpc-opt3001/index.html

.. _FPC-OPT3001: fpc-opt3001/index.html