.. |FPC-SHT40.png| image:: /_static/fpc-series/fpc-sht40/img/FPC-SHT30.png

.. |FPC-SHT40-1.png| image:: /_static/fpc-series/fpc-sht40/img/FPC-SHT30-1.png

.. |FPC-SHT40-2.png| image:: /_static/fpc-series/fpc-sht40/img/FPC-SHT30-2.png

.. |FPC-SHT40-3.png| image:: /_static/fpc-series/fpc-sht40/img/FPC-SHT30-3.png

.. |sht40_pinmap.png| image:: /_static/fpc-series/fpc-sht40/img/sht30_pinmap.png

.. _原理图.pdf: /_static/fpc-series/fpc-sht40/hardware/SCH_SHT30-V03-6P_2024-12-16.pdf
.. |原理图.pdf| replace:: 原理图.pdf

.. _尺寸图.pdf: /_static/fpc-series/fpc-sht40/hardware/PCB_SHT30-V03-6P_2024-12-16.pdf
.. |尺寸图.pdf| replace:: 尺寸图.pdf

.. _SHT4x数据手册.pdf: /_static/fpc-series/fpc-sht40/docs/HT_DS_Datasheet_SHT4x_5
.. |SHT4x数据手册.pdf| replace:: SHT4x数据手册.pdf

.. _SHT4x注意事项.pdf: /_static/fpc-series/fpc-sht40/docs/HT_Handling_Instructions_SHTxx.pdf
.. |SHT4x注意事项.pdf| replace:: SHT4x注意事项.pdf

.. _购买链接: https://item.taobao.com/item.htm?id=866870632646
.. |购买链接| replace:: 🛒 购买链接
