.. |FPC-ENV2.png| image:: /_static/fpc-series/fpc-sht40/img/FPC-ENV2.png

.. |FPC-ENV2-1.png| image:: /_static/fpc-series/fpc-sht40/img/FPC-ENV2-1.png

.. |FPC-ENV2-Kit.png| image:: /_static/fpc-series/fpc-sht40/img/FPC-ENV2-Kit.png

.. |FPC-ENV2-Pinmap.png| image:: /_static/fpc-series/fpc-sht40/img/FPC-ENV2-Pinmap.png

.. _原理图.pdf: ../../_static/fpc-series/fpc-sht40/hardware/SCH_SHT40-V01-6P_2025-07-14.pdf
.. |原理图.pdf| replace:: 原理图.pdf

.. _尺寸图.pdf: ../../_static/fpc-series/fpc-sht40/dimensions/FPC-ENV2-CCStudio-Dimensions.pdf
.. |尺寸图.pdf| replace:: 尺寸图.pdf

.. _SHT4x数据手册.pdf: ../../_static/fpc-series/fpc-sht40/docs/HT_DS_Datasheet_SHT4x_5.pdf
.. |SHT4x数据手册.pdf| replace:: SHT4x数据手册.pdf

.. _SHT4x注意事项.pdf: ../../_static/fpc-series/fpc-sht40/docs/HT_Handling_Instructions_SHTxx.pdf
.. |SHT4x注意事项.pdf| replace:: SHT4x注意事项.pdf

.. _购买链接: https://item.taobao.com/item.htm?id=939777159635
.. |购买链接| replace:: 🛒 购买链接

.. _所有资源: ../../_static/fpc-series/fpc-sht40/DXF-SHT40-circle.rar
.. |所有资源| replace:: 所有资源
