.. |1_设置com.png| image:: /_static/zigbee-series/om15080-jn5189/img/flash/1_设置com.png
.. |2_选择芯片型号.png| image:: /_static/zigbee-series/om15080-jn5189/img/flash/2_选择芯片型号.png
.. |3_选择固件.png| image:: /_static/zigbee-series/om15080-jn5189/img/flash/3_选择固件.png
.. |4_烧录.png| image:: /_static/zigbee-series/om15080-jn5189/img/flash/4_烧录.png
