.. _Sniffer_jn5189_1000000baud_8N1_NoFlowControl.bin: /_static/zigbee-series/om15080-jn5189/firmware/Sniffer_jn5189_1000000baud_8N1_NoFlowControl.bin
.. |Sniffer_jn5189_1000000baud_8N1_NoFlowControl.bin| replace:: Sniffer_jn5189_1000000baud_8N1_NoFlowControl.bin

.. _ControlBridge_Full_GpProxy_1000000.bin: /_static/zigbee-series/om15080-jn5189/firmware/ControlBridge_Full_GpProxy_1000000.bin
.. |ControlBridge_Full_GpProxy_1000000.bin| replace:: ControlBridge_Full_GpProxy_1000000.bin

.. _原理图.pdf: /_static/zigbee-series/om15080-jn5189/hardware/OM15080_JN5189_Schematic.pdf
.. |原理图.pdf| replace:: 原理图.pdf

.. _ZGWUI.zip: /_static/zigbee-series/om15080-jn5189/software/ZGWUI.zip
.. |ZGWUI.zip| replace:: ZGWUI.zip

.. _Kinetis_Protocol_Analyzer_Adapter.exe: /_static/zigbee-series/om15080-jn5189/software/Kinetis_Protocol_Analyzer_Adapter.exe
.. |Kinetis_Protocol_Analyzer_Adapter.exe| replace:: Kinetis_Protocol_Analyzer_Adapter.exe

.. _Firmware_Loader_1.0.1.1.exe: /_static/zigbee-series/om15080-jn5189/software/Firmware_Loader_1.0.1.1.exe
.. |Firmware_Loader_1.0.1.1.exe| replace:: Firmware_Loader_1.0.1.1.exe

.. |product.png| image:: /_static/zigbee-series/om15080-jn5189/img/product.png
    :target: https://item.taobao.com/item.htm?ft=t&id=627677188992&spm=a21dvs.23580594.0.0.1d292c1bUIIRAO
