.. |open-wireshark.png| image:: /_static/zigbee-series/om15080-jn5189/img/sniffer-wireshark/open-wireshark.png
.. |protocol-analyzer-adapter.png| image:: /_static/zigbee-series/om15080-jn5189/img/sniffer-wireshark/protocol-analyzer-adapter.png
.. |select-channel.png| image:: /_static/zigbee-series/om15080-jn5189/img/sniffer-wireshark/select-channel.png
.. |Preferences.png| image:: /_static/zigbee-series/om15080-jn5189/img/sniffer-wireshark/Preferences.png
.. |ThreadPackage.png| image:: /_static/zigbee-series/om15080-jn5189/img/sniffer-wireshark/ThreadPackage.png
.. |TrustCenterLinkKey.png| image:: /_static/zigbee-series/om15080-jn5189/img/sniffer-wireshark/TrustCenterLinkKey.png
.. |ZBSniffer.png| image:: /_static/zigbee-series/om15080-jn5189/img/sniffer-wireshark/ZBSniffer.png
.. |ZigBeePackage.png| image:: /_static/zigbee-series/om15080-jn5189/img/sniffer-wireshark/ZigBeePackage.png

.. _WireShark: https://www.wireshark.org/
.. |WireShark| replace:: WireShark
