
.. _Ubiqua: https://www.ubilogix.com/ubiqua/
.. |Ubiqua| replace:: Ubiqua

.. |add-device.png| image:: /_static/zigbee-series/om15080-jn5189/img/sniffer-ubiqua/add-device.png
.. |channel.png| image:: /_static/zigbee-series/om15080-jn5189/img/sniffer-ubiqua/channel.png
.. |on.png| image:: /_static/zigbee-series/om15080-jn5189/img/sniffer-ubiqua/on.png
.. |options.png| image:: /_static/zigbee-series/om15080-jn5189/img/sniffer-ubiqua/options.png
.. |protocol-stack.png| image:: /_static/zigbee-series/om15080-jn5189/img/sniffer-ubiqua/protocol-stack.png
.. |sniffer-1.png| image:: /_static/zigbee-series/om15080-jn5189/img/sniffer-ubiqua/sniffer-1.png
.. |sniffer-2.png| image:: /_static/zigbee-series/om15080-jn5189/img/sniffer-ubiqua/sniffer-2.png
