.. |add-device.gif| image:: /_static/zigbee-series/om15020-jn5169/img/home-assistant/add-device.gif

.. |COM.png| image:: /_static/zigbee-series/om15020-jn5169/img/home-assistant/COM.png

.. |Zigbee-Home-Automation.png| image:: /_static/zigbee-series/om15020-jn5169/img/home-assistant/Zigbee-Home-Automation.png
