.. |0_烧录器启动.png| image:: ../../_static/om15020-jn5169/img/flash/0_烧录器启动.png
.. |1_设置com.png| image:: ../../_static/om15020-jn5169/img/flash/1_设置com.png
.. |2_打开烧录file.png| image:: ../../_static/om15020-jn5169/img/flash/2_打开烧录file.png
.. |3_烧录系统.png| image:: ../../_static/om15020-jn5169/img/flash/3_烧录系统.png
.. |4_烧录过程.png| image:: ../../_static/om15020-jn5169/img/flash/4_烧录过程.png
.. |5_多台一起烧录.png| image:: ../../_static/om15020-jn5169/img/flash/5_多台一起烧录.png
