.. _JennicSniffer_JN5169_1000000.bin: ../../../_static/om15020-jn5169/firmware/JennicSniffer_JN5169_1000000.bin
.. |JennicSniffer_JN5169_1000000.bin| replace:: JennicSniffer_JN5169_1000000.bin

.. _ZigbeeNodeControlBridge_JN5169_GP_Proxy_COORDINATOR_1000000.bin: ../../../_static/om15020-jn5169/firmware/ZigbeeNodeControlBridge_JN5169_GP_Proxy_COORDINATOR_1000000.bin
.. |ZigbeeNodeControlBridge_JN5169_GP_Proxy_COORDINATOR_1000000.bin| replace:: ZigbeeNodeControlBridge_JN5169_GP_Proxy_COORDINATOR_1000000.bin


.. _原理图.pdf: ../../../_static/om15020-jn5169/hardware/OM15020_DR1198_Schematic_1V0b.pdf
.. |原理图.pdf| replace:: 原理图.pdf

.. _ZGWUI.zip: ../../../_static/om15020-jn5169/software/ZGWUI.zip
.. |ZGWUI.zip| replace:: ZGWUI.zip

.. _ZBSniffer.zip: ../../../_static/om15020-jn5169/software/ZBSniffer.zip
.. |ZBSniffer.zip| replace:: ZBSniffer.zip

.. _zigbeeJN516x烧写工具.zip: ../../../_static/om15020-jn5169/software/zigbeeJN516x烧写工具.zip
.. |zigbeeJN516x烧写工具.zip| replace:: zigbeeJN516x烧写工具.zip

.. |product.png| image:: ../../_static/om15020-jn5169/img/product.png
    :target: https://www.taobao.com/list/item/606926013133.htm